// Jest Snapshot v1, https://goo.gl/fbAQLP

exports[`<Nodes /> should match snapshot 1`] = `
<div
  className="MuiBox-root MuiBox-root-2"
>
  <h1
    className="MuiTypography-root MuiTypography-h4"
  >
    <strong
      style={
        Object {
          "color": "#000",
        }
      }
    >
      Nodes
    </strong>
  </h1>
  <div
    className="MuiPaper-root MuiExpansionPanel-root makeStyles-root-33 MuiExpansionPanel-rounded MuiPaper-elevation3 MuiPaper-rounded"
  >
    <div
      aria-disabled={false}
      aria-expanded={false}
      className="MuiButtonBase-root MuiExpansionPanelSummary-root makeStyles-summary-34"
      onBlur={[Function]}
      onClick={[Function]}
      onDragLeave={[Function]}
      onFocus={[Function]}
      onKeyDown={[Function]}
      onKeyUp={[Function]}
      onMouseDown={[Function]}
      onMouseLeave={[Function]}
      onMouseUp={[Function]}
      onTouchEnd={[Function]}
      onTouchMove={[Function]}
      onTouchStart={[Function]}
      role="button"
      tabIndex={0}
    >
      <div
        className="MuiExpansionPanelSummary-content makeStyles-content-37"
      >
        <div
          className="MuiBox-root MuiBox-root-84 makeStyles-summaryContent-35"
        >
          <div
            className="MuiBox-root MuiBox-root-85"
          >
            <h5
              className="MuiTypography-root makeStyles-heading-39 MuiTypography-h5"
            >
              Node 1
            </h5>
            <h6
              className="MuiTypography-root makeStyles-secondaryHeading-40 MuiTypography-subtitle1"
            >
              https://thawing-springs-53971.herokuapp.com
            </h6>
          </div>
          <div
            className="MuiBox-root MuiBox-root-90"
          >
            <span
              className="makeStyles-dot-86 makeStyles-dot-88"
            />
            <span
              className="makeStyles-text-87 makeStyles-text-89"
            >
              OFFLINE
            </span>
          </div>
        </div>
      </div>
      <div
        aria-disabled={false}
        aria-hidden={true}
        className="MuiButtonBase-root MuiIconButton-root MuiExpansionPanelSummary-expandIcon makeStyles-icon-36 MuiIconButton-edgeEnd"
        onBlur={[Function]}
        onClick={undefined}
        onDragLeave={[Function]}
        onFocus={[Function]}
        onKeyDown={[Function]}
        onKeyUp={[Function]}
        onMouseDown={[Function]}
        onMouseLeave={[Function]}
        onMouseUp={[Function]}
        onTouchEnd={[Function]}
        onTouchMove={[Function]}
        onTouchStart={[Function]}
        role={null}
        tabIndex={null}
      >
        <span
          className="MuiIconButton-label"
        >
          <svg
            aria-hidden="true"
            className="MuiSvgIcon-root"
            color={undefined}
            focusable="false"
            role={undefined}
            viewBox="0 0 24 24"
          >
            <path
              d="M16.59 8.59L12 13.17 7.41 8.59 6 10l6 6 6-6z"
            />
          </svg>
        </span>
      </div>
    </div>
    <div
      className="MuiCollapse-container MuiCollapse-hidden"
      style={
        Object {
          "minHeight": "0px",
        }
      }
    >
      <div
        className="MuiCollapse-wrapper"
      >
        <div
          className="MuiCollapse-wrapperInner"
        >
          <div
            aria-labelledby={undefined}
            id={undefined}
            role="region"
          >
            <div
              className="MuiExpansionPanelDetails-root makeStyles-blockWrapper-41"
            >
              <div
                className="makeStyles-loadingWrapper-42"
              >
                <div
                  className="MuiCircularProgress-root MuiCircularProgress-colorPrimary MuiCircularProgress-indeterminate"
                  role="progressbar"
                  style={
                    Object {
                      "height": 40,
                      "width": 40,
                    }
                  }
                >
                  <svg
                    className="MuiCircularProgress-svg"
                    viewBox="22 22 44 44"
                  >
                    <circle
                      className="MuiCircularProgress-circle MuiCircularProgress-circleIndeterminate"
                      cx={44}
                      cy={44}
                      fill="none"
                      r={20.2}
                      strokeWidth={3.6}
                      style={Object {}}
                    />
                  </svg>
                </div>
              </div>
            </div>
          </div>
        </div>
      </div>
    </div>
  </div>
  <div
    className="MuiPaper-root MuiExpansionPanel-root makeStyles-root-33 MuiExpansionPanel-rounded MuiPaper-elevation3 MuiPaper-rounded"
  >
    <div
      aria-disabled={false}
      aria-expanded={false}
      className="MuiButtonBase-root MuiExpansionPanelSummary-root makeStyles-summary-34"
      onBlur={[Function]}
      onClick={[Function]}
      onDragLeave={[Function]}
      onFocus={[Function]}
      onKeyDown={[Function]}
      onKeyUp={[Function]}
      onMouseDown={[Function]}
      onMouseLeave={[Function]}
      onMouseUp={[Function]}
      onTouchEnd={[Function]}
      onTouchMove={[Function]}
      onTouchStart={[Function]}
      role="button"
      tabIndex={0}
    >
      <div
        className="MuiExpansionPanelSummary-content makeStyles-content-37"
      >
        <div
          className="MuiBox-root MuiBox-root-127 makeStyles-summaryContent-35"
        >
          <div
            className="MuiBox-root MuiBox-root-128"
          >
            <h5
              className="MuiTypography-root makeStyles-heading-39 MuiTypography-h5"
            >
              Node 2
            </h5>
            <h6
              className="MuiTypography-root makeStyles-secondaryHeading-40 MuiTypography-subtitle1"
            >
              https://secret-lowlands-62331.herokuapp.com
            </h6>
          </div>
          <div
            className="MuiBox-root MuiBox-root-131"
          >
            <span
              className="makeStyles-dot-86 makeStyles-dot-129"
            />
            <span
              className="makeStyles-text-87 makeStyles-text-130"
            >
              OFFLINE
            </span>
          </div>
        </div>
      </div>
      <div
        aria-disabled={false}
        aria-hidden={true}
        className="MuiButtonBase-root MuiIconButton-root MuiExpansionPanelSummary-expandIcon makeStyles-icon-36 MuiIconButton-edgeEnd"
        onBlur={[Function]}
        onClick={undefined}
        onDragLeave={[Function]}
        onFocus={[Function]}
        onKeyDown={[Function]}
        onKeyUp={[Function]}
        onMouseDown={[Function]}
        onMouseLeave={[Function]}
        onMouseUp={[Function]}
        onTouchEnd={[Function]}
        onTouchMove={[Function]}
        onTouchStart={[Function]}
        role={null}
        tabIndex={null}
      >
        <span
          className="MuiIconButton-label"
        >
          <svg
            aria-hidden="true"
            className="MuiSvgIcon-root"
            color={undefined}
            focusable="false"
            role={undefined}
            viewBox="0 0 24 24"
          >
            <path
              d="M16.59 8.59L12 13.17 7.41 8.59 6 10l6 6 6-6z"
            />
          </svg>
        </span>
      </div>
    </div>
    <div
      className="MuiCollapse-container MuiCollapse-hidden"
      style={
        Object {
          "minHeight": "0px",
        }
      }
    >
      <div
        className="MuiCollapse-wrapper"
      >
        <div
          className="MuiCollapse-wrapperInner"
        >
          <div
            aria-labelledby={undefined}
            id={undefined}
            role="region"
          >
            <div
              className="MuiExpansionPanelDetails-root makeStyles-blockWrapper-41"
            >
              <div
                className="makeStyles-loadingWrapper-42"
              >
                <div
                  className="MuiCircularProgress-root MuiCircularProgress-colorPrimary MuiCircularProgress-indeterminate"
                  role="progressbar"
                  style={
                    Object {
                      "height": 40,
                      "width": 40,
                    }
                  }
                >
                  <svg
                    className="MuiCircularProgress-svg"
                    viewBox="22 22 44 44"
                  >
                    <circle
                      className="MuiCircularProgress-circle MuiCircularProgress-circleIndeterminate"
                      cx={44}
                      cy={44}
                      fill="none"
                      r={20.2}
                      strokeWidth={3.6}
                      style={Object {}}
                    />
                  </svg>
                </div>
              </div>
            </div>
          </div>
        </div>
      </div>
    </div>
  </div>
</div>
`;
